// Jest Snapshot v1, https://goo.gl/fbAQLP

exports[`<Button /> should render the medium button by default 1`] = `
.c0 {
  background: #4EA8DE;
  padding: 0.5rem;
  color: #F2F2F2;
  font-weight: 700;
  border: 0;
  border-radius: 0.5rem;
  cursor: pointer;
  -webkit-text-decoration: none;
  text-decoration: none;
  display: -webkit-inline-box;
  display: -webkit-inline-flex;
  display: -ms-inline-flexbox;
  display: inline-flex;
  -webkit-align-items: center;
  -webkit-box-align: center;
  -ms-flex-align: center;
  align-items: center;
  -webkit-box-pack: center;
  -webkit-justify-content: center;
  -ms-flex-pack: center;
  justify-content: center;
  gap: 0.5rem;
  height: 4rem;
  padding: 0.8rem 3.2rem;
  font-size: 1rem;
}

.c0:hover {
  background: #1E6F9F;
}

<button
  class="c0"
>
  <span>
    Buy now
  </span>
</button>
`;
