// Jest Snapshot v1, https://goo.gl/fbAQLP

exports[`<Checkbox /> should be accessible with tab 1`] = `
.c0 {
  display: -webkit-box;
  display: -webkit-flex;
  display: -ms-flexbox;
  display: flex;
  -webkit-align-items: center;
  -webkit-box-align: center;
  -ms-flex-align: center;
  align-items: center;
  gap: 1rem;
}

.c1 {
  cursor: pointer;
  display: -webkit-box;
  display: -webkit-flex;
  display: -ms-flexbox;
  display: flex;
  -webkit-align-items: center;
  -webkit-box-align: center;
  -ms-flex-align: center;
  align-items: center;
  -webkit-box-pack: center;
  -webkit-justify-content: center;
  -ms-flex-pack: center;
  justify-content: center;
  -webkit-appearance: none;
  -moz-appearance: none;
  appearance: none;
  width: 1.5rem;
  height: 1.5rem;
  border: 0.2rem solid #4EA8DE;
  border-radius: 100%;
  -webkit-transition: background border 0.15s ease-in-out;
  transition: background border 0.15s ease-in-out;
  position: relative;
  outline: none;
}

.c1:before {
  content: "";
  width: 0.3rem;
  height: 0.6rem;
  border: 0.15rem solid #F2F2F2;
  border-top: 0;
  border-left: 0;
  -webkit-transform: rotate(45deg);
  -ms-transform: rotate(45deg);
  transform: rotate(45deg);
  position: absolute;
  top: 0.1rem;
  right: 0.3rem;
  opacity: 0;
  -webkit-transition: 0.15s ease-in-out;
  transition: 0.15s ease-in-out;
}

.c1:focus {
  border-color: #5E60CE;
}

.c1:checked {
  border-color: #5E60CE;
  background: #5E60CE;
}

.c1:checked:before {
  opacity: 1;
}

.c2 {
  cursor: pointer;
  font-size: 0.875rem;
  font-weight: 700;
  line-height: 1.8rem;
}

<div
  class="c0"
>
  <input
    class="c1"
    id="Checkbox"
    role="checkbox"
    type="checkbox"
    value=""
  />
  <label
    class="c2"
    for="Checkbox"
  >
    Checkbox
  </label>
</div>
`;
